npm warn Unknown env config "http-proxy". This will stop working in the next major version of npm.

> @macrotech/approval-api@0.2.7-3 test
> node --test --import=tsx src/*.test.ts

✔ email normalization trims and lowercases (1.399302ms)
✔ assigned approver comparison is case-insensitive (0.268363ms)
✔ wrong approver is rejected without disclosing assigned email (0.481523ms)
✔ pending approval accepts a new approval decision (0.209965ms)
✔ pending approval accepts a return decision (0.160411ms)
✔ same request id is idempotent after an identical approval (0.188443ms)
✔ same request id with a different action is rejected as an idempotency conflict (0.262795ms)
✔ same request id with a different comment is rejected as an idempotency conflict (0.19941ms)
✔ different request id cannot overwrite a final decision (0.218809ms)
✔ decision status mapping (0.291488ms)
✔ known statuses are accepted and unknown statuses are rejected (0.183846ms)
✔ comment normalization trims retry payloads consistently (0.142845ms)
✔ approval id validation accepts opaque URL-safe ids (0.201763ms)
✔ approval id validation rejects short, spaced, or path-like ids (0.183556ms)
✔ request id sanitization accepts safe correlation ids (0.149815ms)
✔ request id sanitization rejects control and unsafe characters (0.201493ms)
✔ new draft begins with one selected supplier option (5.228185ms)
✔ autosave recovery ignores stale or repeated client revisions (0.122104ms)
✔ only the selected supplier drives customer-facing quotation values (7.831286ms)
✔ changing the selected supplier changes customer output without changing alternates (0.932411ms)
✔ Tracker projection emits selected supplier first and retains all alternates (1.435607ms)
✔ changing selection reorders Tracker rows but does not lose supplier options (0.693272ms)
✔ generation validation requires complete commercial data for retained alternates (1.955107ms)
✔ formats new Q Codes with a four-digit annual employee sequence (1.295457ms)
✔ rejects invalid employee prefixes, years, and sequence numbers (0.534953ms)
✔ reads legacy sequence widths without rewriting historical codes (1.155045ms)
✔ recognizes observed legacy revision suffixes for collision prevention (0.31943ms)
✔ does not guess malformed cells containing multiple or rearranged Q Codes (0.204267ms)
✔ bootstrap proposal stops on an unrecognized value from the requested series (0.298608ms)
✔ an unrelated malformed series does not block the requested employee (0.238799ms)
✔ proposes the next code per employee and year using four digits (0.171247ms)
✔ repeated Q Codes for multiple line items do not consume new sequences (0.235674ms)
✔ an employee sequence starts at 0001 each year (0.348013ms)
✔ different employees have independent annual sequences (0.195594ms)
✔ sequence 9999 cannot roll into a fifth digit (0.162484ms)
